******************************************************************************
                  MSP430 Linker PC v4.1.2                      
******************************************************************************
>> Linked Mon Jan 28 09:07:06 2013

OUTPUT FILE NAME:   <msp430g2553_uscia0_spi_slave_uscib0_i2c_master.out>
ENTRY POINT SYMBOL: "_c_int00"  address: 0000fb74


MEMORY CONFIGURATION

         name            origin    length      used     unused   attr    fill
----------------------  --------  ---------  --------  --------  ----  --------
  SFR                   00000000   00000010  00000006  0000000a  RWIX
  PERIPHERALS_8BIT      00000010   000000f0  0000005b  00000095  RWIX
  PERIPHERALS_16BIT     00000100   00000100  00000000  00000100  RWIX
  RAM                   00000200   00000100  0000005a  000000a6  RWIX
  INFOD                 00001000   00000040  00000000  00000040  RWIX
  INFOC                 00001040   00000040  00000000  00000040  RWIX
  INFOB                 00001080   00000040  00000000  00000040  RWIX
  INFOA                 000010c0   00000040  00000000  00000040  RWIX
  FLASH                 0000f800   000007e0  000004b8  00000328  RWIX
  INT00                 0000ffe0   00000002  00000000  00000002  RWIX
  INT01                 0000ffe2   00000002  00000000  00000002  RWIX
  INT02                 0000ffe4   00000002  00000002  00000000  RWIX
  INT03                 0000ffe6   00000002  00000000  00000002  RWIX
  INT04                 0000ffe8   00000002  00000000  00000002  RWIX
  INT05                 0000ffea   00000002  00000000  00000002  RWIX
  INT06                 0000ffec   00000002  00000002  00000000  RWIX
  INT07                 0000ffee   00000002  00000002  00000000  RWIX
  INT08                 0000fff0   00000002  00000000  00000002  RWIX
  INT09                 0000fff2   00000002  00000000  00000002  RWIX
  INT10                 0000fff4   00000002  00000000  00000002  RWIX
  INT11                 0000fff6   00000002  00000000  00000002  RWIX
  INT12                 0000fff8   00000002  00000000  00000002  RWIX
  INT13                 0000fffa   00000002  00000002  00000000  RWIX
  INT14                 0000fffc   00000002  00000000  00000002  RWIX
  RESET                 0000fffe   00000002  00000002  00000000  RWIX


SECTION ALLOCATION MAP

 output                                  attributes/
section   page    origin      length       input sections
--------  ----  ----------  ----------   ----------------
.header    0    00000000    00000006     
                  00000000    00000006     app_status.obj (.header:retain)

.data      0    00000010    0000005b     
                  00000010    00000025     spi_com.obj (.data:Rx_Buffer)
                  00000035    00000001     --HOLE--
                  00000036    00000025     spi_com.obj (.data:Tx_Buffer)
                  0000005b    00000001     --HOLE--
                  0000005c    00000006     os.obj (.data)
                  00000062    00000003     uscib0_i2c_drv.obj (.data)
                  00000065    00000001     --HOLE--
                  00000066    00000002     spi_com.obj (.data)
                  00000068    00000001     i2c_msg.obj (.data)
                  00000069    00000001     --HOLE--
                  0000006a    00000001     uscia0_spi_drv.obj (.data)

.bss       0    00000200    0000000a     UNINITIALIZED
                  00000200    00000008     uscib0_i2c_drv.obj (.bss)
                  00000208    00000001     spi_com.obj (.bss)
                  00000209    00000001     uscia0_spi_drv.obj (.bss)

.TI.noinit 
*          0    00000200    00000000     UNINITIALIZED

.stack     0    000002b0    00000050     UNINITIALIZED
                  000002b0    00000002     rts430_eabi.lib : boot.obj (.stack)
                  000002b2    0000004e     --HOLE--

.text      0    0000f800    00000460     
                  0000f800    000000b0     spi_com.obj (.text:SPI_Rx_Msg_ISR)
                  0000f8b0    0000008a     uscib0_i2c_drv.obj (.text:USCIB0TX_ISR)
                  0000f93a    0000005e     rts430_eabi.lib : copy_decompress_rle.obj (.text:__TI_decompress_rle_core)
                  0000f998    0000005e                     : autoinit.obj (.text:_auto_init)
                  0000f9f6    00000052     uscia0_spi_drv.obj (.text:PORT1_ISR)
                  0000fa48    00000042     os.obj (.text:RTOS)
                  0000fa8a    0000003c     uscia0_spi_drv.obj (.text:USCIA0_SPI_Init)
                  0000fac6    00000032     main.obj (.text:main)
                  0000faf8    00000030     uscib0_i2c_drv.obj (.text:USCIB0_I2C_Init)
                  0000fb28    0000002a     uscia0_spi_drv.obj (.text:USCIA0RX_ISR)
                  0000fb52    00000022     main.obj (.text:Clock_Init)
                  0000fb74    0000001a     rts430_eabi.lib : boot.obj (.text:_c_int00_noexit)
                  0000fb8e    00000018     os.obj (.text:Os_Set_Current_Task_Table)
                  0000fba6    00000014     main.obj (.text:RTOS_Timer_Init)
                  0000fbba    00000014     spi_com.obj (.text:SPI_to_I2C_Task)
                  0000fbce    00000014     rts430_eabi.lib : copy_zero_init.obj (.text:decompress:ZI:__TI_zero_init)
                  0000fbe2    00000014                     : mult16.obj (.text)
                  0000fbf6    00000012                     : copy_decompress_none.obj (.text:decompress:none:__TI_decompress_none)
                  0000fc08    00000012                     : memcpy.obj (.text:memcpy)
                  0000fc1a    00000010                     : epilog.obj (.text)
                  0000fc2a    0000000a     os_tasks.obj (.text:Background)
                  0000fc34    00000006     main.obj (.text:Timer1_A0_ISR)
                  0000fc3a    00000006     uscia0_spi_drv.obj (.text:USCIA0_SPI_Tx)
                  0000fc40    00000006     rts430_eabi.lib : copy_decompress_rle.obj (.text:decompress:rle24:__TI_decompress_rle24)
                  0000fc46    00000006     os_tasks.obj (.text:task7)
                  0000fc4c    00000004     rts430_eabi.lib : pre_init.obj (.text:_system_pre_init)
                  0000fc50    00000004                     : exit.obj (.text:abort)
                  0000fc54    00000002     os_tasks.obj (.text:task1)
                  0000fc56    00000002     os_tasks.obj (.text:task3)
                  0000fc58    00000002     os_tasks.obj (.text:task4)
                  0000fc5a    00000002     os_tasks.obj (.text:task5)
                  0000fc5c    00000002     os_tasks.obj (.text:task6)
                  0000fc5e    00000002     os_tasks.obj (.text:task8)

.const     0    0000fc60    00000038     
                  0000fc60    00000030     os_tasks.obj (.const:Os_Task_List)
                  0000fc90    00000008     os_tasks.obj (.const)

.cinit     0    0000fc98    00000020     
                  0000fc98    0000000e     (.cinit..data.load) [load image, compression = rle]
                  0000fca6    00000006     (__TI_handler_table)
                  0000fcac    00000004     (.cinit..bss.load) [load image, compression = zero_init]
                  0000fcb0    00000008     (__TI_cinit_table)

.int02     0    0000ffe4    00000002     
                  0000ffe4    00000002     uscia0_spi_drv.obj (.int02)

.int06     0    0000ffec    00000002     
                  0000ffec    00000002     uscib0_i2c_drv.obj (.int06)

.int07     0    0000ffee    00000002     
                  0000ffee    00000002     uscia0_spi_drv.obj (.int07)

.int13     0    0000fffa    00000002     
                  0000fffa    00000002     main.obj (.int13)

.reset     0    0000fffe    00000002     
                  0000fffe    00000002     rts430_eabi.lib : boot.obj (.reset)


LINKER GENERATED COPY TABLES

__TI_cinit_table @ 0000fcb0 records: 2, size/record: 4, table size: 8
	.data: load addr=0000fc98, load size=0000000e bytes, run addr=00000010, run size=0000005b bytes, compression=rle
	.bss: load addr=0000fcac, load size=00000004 bytes, run addr=00000200, run size=0000000a bytes, compression=zero_init


LINKER GENERATED HANDLER TABLE

__TI_handler_table @ 0000fca6 records: 3, size/record: 2, table size: 6
	index: 0, handler: __TI_zero_init
	index: 1, handler: __TI_decompress_rle24
	index: 2, handler: __TI_decompress_none


GLOBAL SYMBOLS: SORTED ALPHABETICALLY BY Name 

address    name
--------   ----
0000004a   ADC10AE0
000001b0   ADC10CTL0
000001b2   ADC10CTL1
00000048   ADC10DTC0
00000049   ADC10DTC1
000001b4   ADC10MEM
000001bc   ADC10SA
00000000   App_SW_Header
00000057   BCSCTL1
00000058   BCSCTL2
00000053   BCSCTL3
0000fc2a   Background
0000fc50   C$$EXIT
000010fb   CALBC1_12MHZ
000010f9   CALBC1_16MHZ
000010ff   CALBC1_1MHZ
000010fd   CALBC1_8MHZ
000010fa   CALDCO_12MHZ
000010f8   CALDCO_16MHZ
000010fe   CALDCO_1MHZ
000010fc   CALDCO_8MHZ
0000006a   CS_State
0000fb52   Clock_Init
00000056   DCOCTL
00000128   FCTL1
0000012a   FCTL2
0000012c   FCTL3
00000068   I2C_ProcessInd
00000000   IE1
00000001   IE2
00000002   IFG1
00000003   IFG2
00000062   MultiByteReadFG
0000005c   Os_Clock
0000fb8e   Os_Set_Current_Task_Table
0000fc90   Os_Table
0000fc60   Os_Task_List
0000fc94   Os_Task_Ptrs
00000022   P1DIR
00000025   P1IE
00000024   P1IES
00000023   P1IFG
00000020   P1IN
00000021   P1OUT
00000027   P1REN
00000026   P1SEL
00000041   P1SEL2
0000002a   P2DIR
0000002d   P2IE
0000002c   P2IES
0000002b   P2IFG
00000028   P2IN
00000029   P2OUT
0000002f   P2REN
0000002e   P2SEL
00000042   P2SEL2
0000001a   P3DIR
00000018   P3IN
00000019   P3OUT
00000010   P3REN
0000001b   P3SEL
00000043   P3SEL2
0000f9f6   PORT1_ISR
00000206   PRxData
00000204   PTxData
0000005e   Prev_Os_Clock
00000064   RPTCondition
0000fa48   RTOS
0000fba6   RTOS_Timer_Init
00000202   RXByteCtr
00000010   Rx_Buffer
00000066   SPI_DataRxInd
UNDEFED    SPI_MsgStateMachine
0000f800   SPI_Rx_Msg_ISR
0000fbba   SPI_to_I2C_Task
00000172   TA0CCR0
00000174   TA0CCR1
00000176   TA0CCR2
00000162   TA0CCTL0
00000164   TA0CCTL1
00000166   TA0CCTL2
00000160   TA0CTL
0000012e   TA0IV
00000170   TA0R
00000192   TA1CCR0
00000194   TA1CCR1
00000196   TA1CCR2
00000182   TA1CCTL0
00000184   TA1CCTL1
00000186   TA1CCTL2
00000180   TA1CTL
0000011e   TA1IV
00000190   TA1R
00000201   TXByteCtr
0000fc34   Timer1_A0_ISR
00000036   Tx_Buffer
0000005d   UCA0ABCTL
00000062   UCA0BR0
00000063   UCA0BR1
00000060   UCA0CTL0
00000061   UCA0CTL1
0000005f   UCA0IRRCTL
0000005e   UCA0IRTCTL
00000064   UCA0MCTL
00000066   UCA0RXBUF
00000065   UCA0STAT
00000067   UCA0TXBUF
0000006a   UCB0BR0
0000006b   UCB0BR1
00000068   UCB0CTL0
00000069   UCB0CTL1
0000006c   UCB0I2CIE
00000118   UCB0I2COA
0000011a   UCB0I2CSA
0000006e   UCB0RXBUF
0000006d   UCB0STAT
0000006f   UCB0TXBUF
0000fb28   USCIA0RX_ISR
0000fa8a   USCIA0_SPI_Init
0000fc3a   USCIA0_SPI_Tx
0000f8b0   USCIB0TX_ISR
0000faf8   USCIB0_I2C_Init
00000120   WDTCTL
00000063   WaitforSTPCondition
00000300   __STACK_END
00000050   __STACK_SIZE
0000fcb0   __TI_CINIT_Base
0000fcb8   __TI_CINIT_Limit
0000fca6   __TI_Handler_Table_Base
0000fcac   __TI_Handler_Table_Limit
UNDEFED    __TI_INITARRAY_Base
UNDEFED    __TI_INITARRAY_Limit
00000001   __TI_args_main
0000fbf6   __TI_decompress_none
0000fc40   __TI_decompress_rle24
00000001   __TI_exit
0000fbce   __TI_zero_init
ffffffff   __binit__
ffffffff   __c_args__
0000fc26   __mspabi_func_epilog_1
0000fc24   __mspabi_func_epilog_2
0000fc22   __mspabi_func_epilog_3
0000fc20   __mspabi_func_epilog_4
0000fc1e   __mspabi_func_epilog_5
0000fc1c   __mspabi_func_epilog_6
0000fc1a   __mspabi_func_epilog_7
0000fbe2   __mspabi_mpyi
0000f998   _auto_init
0000fb74   _c_int00
0000fb74   _c_int00_noexit
0000fffe   _reset_vector
000002b0   _stack
0000fc4c   _system_pre_init
0000fc50   abort
ffffffff   binit
00000060   curr_task_list
00000209   locRxData
00000200   locSlaveAddr
0000fac6   main
0000fc08   memcpy
00000067   msgLength
0000fc54   task1
0000fbba   task2
0000fc56   task3
0000fc58   task4
0000fc5a   task5
0000fc5c   task6
0000fc46   task7
0000fc5e   task8


GLOBAL SYMBOLS: SORTED BY Symbol Address 

address    name
--------   ----
00000000   App_SW_Header
00000000   IE1
00000001   IE2
00000001   __TI_args_main
00000001   __TI_exit
00000002   IFG1
00000003   IFG2
00000010   P3REN
00000010   Rx_Buffer
00000018   P3IN
00000019   P3OUT
0000001a   P3DIR
0000001b   P3SEL
00000020   P1IN
00000021   P1OUT
00000022   P1DIR
00000023   P1IFG
00000024   P1IES
00000025   P1IE
00000026   P1SEL
00000027   P1REN
00000028   P2IN
00000029   P2OUT
0000002a   P2DIR
0000002b   P2IFG
0000002c   P2IES
0000002d   P2IE
0000002e   P2SEL
0000002f   P2REN
00000036   Tx_Buffer
00000041   P1SEL2
00000042   P2SEL2
00000043   P3SEL2
00000048   ADC10DTC0
00000049   ADC10DTC1
0000004a   ADC10AE0
00000050   __STACK_SIZE
00000053   BCSCTL3
00000056   DCOCTL
00000057   BCSCTL1
00000058   BCSCTL2
0000005c   Os_Clock
0000005d   UCA0ABCTL
0000005e   Prev_Os_Clock
0000005e   UCA0IRTCTL
0000005f   UCA0IRRCTL
00000060   UCA0CTL0
00000060   curr_task_list
00000061   UCA0CTL1
00000062   MultiByteReadFG
00000062   UCA0BR0
00000063   UCA0BR1
00000063   WaitforSTPCondition
00000064   RPTCondition
00000064   UCA0MCTL
00000065   UCA0STAT
00000066   SPI_DataRxInd
00000066   UCA0RXBUF
00000067   UCA0TXBUF
00000067   msgLength
00000068   I2C_ProcessInd
00000068   UCB0CTL0
00000069   UCB0CTL1
0000006a   CS_State
0000006a   UCB0BR0
0000006b   UCB0BR1
0000006c   UCB0I2CIE
0000006d   UCB0STAT
0000006e   UCB0RXBUF
0000006f   UCB0TXBUF
00000118   UCB0I2COA
0000011a   UCB0I2CSA
0000011e   TA1IV
00000120   WDTCTL
00000128   FCTL1
0000012a   FCTL2
0000012c   FCTL3
0000012e   TA0IV
00000160   TA0CTL
00000162   TA0CCTL0
00000164   TA0CCTL1
00000166   TA0CCTL2
00000170   TA0R
00000172   TA0CCR0
00000174   TA0CCR1
00000176   TA0CCR2
00000180   TA1CTL
00000182   TA1CCTL0
00000184   TA1CCTL1
00000186   TA1CCTL2
00000190   TA1R
00000192   TA1CCR0
00000194   TA1CCR1
00000196   TA1CCR2
000001b0   ADC10CTL0
000001b2   ADC10CTL1
000001b4   ADC10MEM
000001bc   ADC10SA
00000200   locSlaveAddr
00000201   TXByteCtr
00000202   RXByteCtr
00000204   PTxData
00000206   PRxData
00000209   locRxData
000002b0   _stack
00000300   __STACK_END
000010f8   CALDCO_16MHZ
000010f9   CALBC1_16MHZ
000010fa   CALDCO_12MHZ
000010fb   CALBC1_12MHZ
000010fc   CALDCO_8MHZ
000010fd   CALBC1_8MHZ
000010fe   CALDCO_1MHZ
000010ff   CALBC1_1MHZ
0000f800   SPI_Rx_Msg_ISR
0000f8b0   USCIB0TX_ISR
0000f998   _auto_init
0000f9f6   PORT1_ISR
0000fa48   RTOS
0000fa8a   USCIA0_SPI_Init
0000fac6   main
0000faf8   USCIB0_I2C_Init
0000fb28   USCIA0RX_ISR
0000fb52   Clock_Init
0000fb74   _c_int00
0000fb74   _c_int00_noexit
0000fb8e   Os_Set_Current_Task_Table
0000fba6   RTOS_Timer_Init
0000fbba   SPI_to_I2C_Task
0000fbba   task2
0000fbce   __TI_zero_init
0000fbe2   __mspabi_mpyi
0000fbf6   __TI_decompress_none
0000fc08   memcpy
0000fc1a   __mspabi_func_epilog_7
0000fc1c   __mspabi_func_epilog_6
0000fc1e   __mspabi_func_epilog_5
0000fc20   __mspabi_func_epilog_4
0000fc22   __mspabi_func_epilog_3
0000fc24   __mspabi_func_epilog_2
0000fc26   __mspabi_func_epilog_1
0000fc2a   Background
0000fc34   Timer1_A0_ISR
0000fc3a   USCIA0_SPI_Tx
0000fc40   __TI_decompress_rle24
0000fc46   task7
0000fc4c   _system_pre_init
0000fc50   C$$EXIT
0000fc50   abort
0000fc54   task1
0000fc56   task3
0000fc58   task4
0000fc5a   task5
0000fc5c   task6
0000fc5e   task8
0000fc60   Os_Task_List
0000fc90   Os_Table
0000fc94   Os_Task_Ptrs
0000fca6   __TI_Handler_Table_Base
0000fcac   __TI_Handler_Table_Limit
0000fcb0   __TI_CINIT_Base
0000fcb8   __TI_CINIT_Limit
0000fffe   _reset_vector
ffffffff   __binit__
ffffffff   __c_args__
ffffffff   binit
UNDEFED    SPI_MsgStateMachine
UNDEFED    __TI_INITARRAY_Base
UNDEFED    __TI_INITARRAY_Limit

[169 symbols]
